
=== Market: BTC (BTC/USDT) ===
[BTC][bull_trend_2023_2025] downloading data (BTC/USDT, 2023-01-01 -> 2025-12-31)...
[BTC][bull_trend_2023_2025] candles: entry=315344 structure=27359 bias=1495
[BTC][mixed_volatility_2019_2022] downloading data (BTC/USDT, 2019-07-01 -> 2022-06-30)...
[BTC][mixed_volatility_2019_2022] candles: entry=314762 structure=27317 bias=1495
[BTC][bull_trend_2023_2025][confluence/base] trades=147 win_rate=34.69% pf=0.64 return=-34.45%
[BTC][mixed_volatility_2019_2022][confluence/base] trades=161 win_rate=29.81% pf=0.6 return=-41.95%
[BTC][bull_trend_2023_2025][confluence/wide_fib_zone] trades=233 win_rate=33.48% pf=0.56 return=-56.22%
[BTC][mixed_volatility_2019_2022][confluence/wide_fib_zone] trades=210 win_rate=26.67% pf=0.49 return=-60.28%
[BTC][bull_trend_2023_2025][confluence/short_swing] trades=198 win_rate=31.82% pf=0.5 return=-60.27%
[BTC][mixed_volatility_2019_2022][confluence/short_swing] trades=174 win_rate=30.46% pf=0.58 return=-45.44%
[BTC][bull_trend_2023_2025][confluence/conservative_rr] trades=157 win_rate=38.22% pf=0.51 return=-43.73%
[BTC][mixed_volatility_2019_2022][confluence/conservative_rr] trades=166 win_rate=36.75% pf=0.59 return=-40.41%
[BTC][bull_trend_2023_2025][confluence/no_geometry] trades=147 win_rate=34.69% pf=0.64 return=-34.45%
[BTC][mixed_volatility_2019_2022][confluence/no_geometry] trades=161 win_rate=29.81% pf=0.6 return=-41.95%
[BTC][bull_trend_2023_2025][confluence/geometry_required] trades=9 win_rate=22.22% pf=0.29 return=-6.09%
[BTC][mixed_volatility_2019_2022][confluence/geometry_required] trades=10 win_rate=50.0% pf=1.47 return=2.72%
[BTC][bull_trend_2023_2025][confluence/geometry_1.5x] trades=12 win_rate=33.33% pf=0.59 return=-4.15%
[BTC][mixed_volatility_2019_2022][confluence/geometry_1.5x] trades=13 win_rate=46.15% pf=1.24 return=1.9%
[BTC][bull_trend_2023_2025][confluence/geometry_2.5x] trades=22 win_rate=27.27% pf=0.46 return=-10.34%
[BTC][mixed_volatility_2019_2022][confluence/geometry_2.5x] trades=25 win_rate=44.0% pf=1.13 return=2.15%
[BTC][bull_trend_2023_2025][confluence/geometry_2.5x_min2] trades=22 win_rate=27.27% pf=0.46 return=-10.34%
[BTC][mixed_volatility_2019_2022][confluence/geometry_2.5x_min2] trades=25 win_rate=44.0% pf=1.13 return=2.15%
[BTC][bull_trend_2023_2025][confluence/dynamic_stop] trades=147 win_rate=34.69% pf=0.64 return=-34.45%
[BTC][mixed_volatility_2019_2022][confluence/dynamic_stop] trades=161 win_rate=29.81% pf=0.6 return=-41.95%
[BTC][bull_trend_2023_2025][breakout_donchian/base] trades=1824 win_rate=25.88% pf=0.21 return=-100.0%
[BTC][mixed_volatility_2019_2022][breakout_donchian/base] trades=1604 win_rate=30.42% pf=0.3 return=-100.0%
[BTC][bull_trend_2023_2025][breakout_donchian/short_channel] trades=2866 win_rate=23.66% pf=0.14 return=-100.0%
[BTC][mixed_volatility_2019_2022][breakout_donchian/short_channel] trades=2453 win_rate=29.23% pf=0.29 return=-100.0%
[BTC][bull_trend_2023_2025][breakout_donchian/long_channel] trades=840 win_rate=29.64% pf=0.32 return=-99.96%
[BTC][mixed_volatility_2019_2022][breakout_donchian/long_channel] trades=806 win_rate=32.38% pf=0.4 return=-99.33%
[BTC][bull_trend_2023_2025][breakout_donchian/volatility_filter] trades=1469 win_rate=26.14% pf=0.2 return=-100.0%
[BTC][mixed_volatility_2019_2022][breakout_donchian/volatility_filter] trades=1322 win_rate=31.54% pf=0.32 return=-99.99%
[BTC][bull_trend_2023_2025][breakout_donchian/volatility_filter_long_channel] trades=695 win_rate=29.5% pf=0.31 return=-99.87%
[BTC][mixed_volatility_2019_2022][breakout_donchian/volatility_filter_long_channel] trades=688 win_rate=33.14% pf=0.41 return=-98.2%
[BTC][bull_trend_2023_2025][breakout_donchian/nr7_filter] trades=304 win_rate=26.32% pf=0.16 return=-97.25%
[BTC][mixed_volatility_2019_2022][breakout_donchian/nr7_filter] trades=282 win_rate=29.08% pf=0.28 return=-87.77%
[BTC][bull_trend_2023_2025][breakout_donchian/nr7_and_volatility_filter] trades=202 win_rate=28.71% pf=0.2 return=-88.45%
[BTC][mixed_volatility_2019_2022][breakout_donchian/nr7_and_volatility_filter] trades=207 win_rate=33.82% pf=0.38 return=-71.11%
[BTC][bull_trend_2023_2025][breakout_donchian/dynamic_stop] trades=1590 win_rate=27.48% pf=0.24 return=-100.0%
[BTC][mixed_volatility_2019_2022][breakout_donchian/dynamic_stop] trades=1458 win_rate=29.7% pf=0.34 return=-100.0%
[BTC][bull_trend_2023_2025][breakout_donchian/fade_base] trades=1954 win_rate=27.99% pf=0.14 return=-100.0%
[BTC][mixed_volatility_2019_2022][breakout_donchian/fade_base] trades=1694 win_rate=35.95% pf=0.38 return=-100.0%
[BTC][bull_trend_2023_2025][breakout_donchian/fade_no_bias] trades=6065 win_rate=26.89% pf=0.16 return=-100.0%
[BTC][mixed_volatility_2019_2022][breakout_donchian/fade_no_bias] trades=5121 win_rate=33.63% pf=0.43 return=-100.0%
[BTC][bull_trend_2023_2025][breakout_donchian/fade_with_nr7] trades=309 win_rate=27.83% pf=0.15 return=-97.05%
[BTC][mixed_volatility_2019_2022][breakout_donchian/fade_with_nr7] trades=279 win_rate=37.63% pf=0.49 return=-76.15%
[BTC][bull_trend_2023_2025][breakout_donchian/fade_conservative_rr] trades=2173 win_rate=20.29% pf=0.05 return=-100.0%
[BTC][mixed_volatility_2019_2022][breakout_donchian/fade_conservative_rr] trades=1884 win_rate=40.82% pf=0.18 return=-100.0%
[BTC][bull_trend_2023_2025][breakout_donchian/fade_dynamic_stop] trades=1785 win_rate=30.25% pf=0.21 return=-100.0%
[BTC][mixed_volatility_2019_2022][breakout_donchian/fade_dynamic_stop] trades=1538 win_rate=35.89% pf=0.46 return=-99.97%
[BTC][bull_trend_2023_2025][breakout_donchian/fade_dynamic_stop_and_risk] trades=1785 win_rate=30.25% pf=0.17 return=-100.0%
[BTC][mixed_volatility_2019_2022][breakout_donchian/fade_dynamic_stop_and_risk] trades=1538 win_rate=35.89% pf=0.44 return=-99.94%
[BTC][bull_trend_2023_2025][confluence/base] probability computed, charts generated.
[BTC][mixed_volatility_2019_2022][confluence/base] probability computed, charts generated.
[BTC][bull_trend_2023_2025][confluence/geometry_required] probability computed, charts generated.
[BTC][mixed_volatility_2019_2022][confluence/geometry_required] probability computed, charts generated.
[BTC][bull_trend_2023_2025][confluence/geometry_1.5x] probability computed, charts generated.
[BTC][mixed_volatility_2019_2022][confluence/geometry_1.5x] probability computed, charts generated.
[BTC][bull_trend_2023_2025][confluence/geometry_2.5x] probability computed, charts generated.
[BTC][mixed_volatility_2019_2022][confluence/geometry_2.5x] probability computed, charts generated.
[BTC][bull_trend_2023_2025][confluence/dynamic_stop] probability computed, charts generated.
[BTC][mixed_volatility_2019_2022][confluence/dynamic_stop] probability computed, charts generated.
[BTC][bull_trend_2023_2025][breakout_donchian/base] probability computed, charts generated.
[BTC][mixed_volatility_2019_2022][breakout_donchian/base] probability computed, charts generated.
[BTC][bull_trend_2023_2025][breakout_donchian/volatility_filter] probability computed, charts generated.
[BTC][mixed_volatility_2019_2022][breakout_donchian/volatility_filter] probability computed, charts generated.
[BTC][bull_trend_2023_2025][breakout_donchian/nr7_filter] probability computed, charts generated.
[BTC][mixed_volatility_2019_2022][breakout_donchian/nr7_filter] probability computed, charts generated.
[BTC][bull_trend_2023_2025][breakout_donchian/dynamic_stop] probability computed, charts generated.
[BTC][mixed_volatility_2019_2022][breakout_donchian/dynamic_stop] probability computed, charts generated.
[BTC][bull_trend_2023_2025][breakout_donchian/fade_base] probability computed, charts generated.
[BTC][mixed_volatility_2019_2022][breakout_donchian/fade_base] probability computed, charts generated.
[BTC][bull_trend_2023_2025][breakout_donchian/fade_with_nr7] probability computed, charts generated.
[BTC][mixed_volatility_2019_2022][breakout_donchian/fade_with_nr7] probability computed, charts generated.
[BTC][bull_trend_2023_2025][breakout_donchian/fade_dynamic_stop] probability computed, charts generated.
[BTC][mixed_volatility_2019_2022][breakout_donchian/fade_dynamic_stop] probability computed, charts generated.